// Jest Snapshot v1, https://goo.gl/fbAQLP

exports[`ForecastSummary renders the objects correctly in the virtual DOM 1`] = `
<DocumentFragment>
  <div
    class="forecast-summary"
    data-testid="forecast-summary"
  >
    <div
      class="forecast-summary__date"
    >
      Mon 1st Apr
    </div>
    <div
      class="forecast-summary__icon"
      data-testid="forecast-icon"
    >
      800
    </div>
    <div
      class="forecast-summary__temperature"
    >
      22Â°C
    </div>
    <div
      class="forecast-summary__description"
    >
      Stub Description
    </div>
    <button
      type="button"
    >
      More details
    </button>
  </div>
</DocumentFragment>
`;
